
  x "use server" functions are not allowed in client components. You can import them from a "use server" file instead.
   ,-[input.js:3:1]
 3 |     export default function App() {
 4 | ,->   async function fn() {
 5 | |       'use server'
 6 | `->   }
 7 |       return <div>App</div>
   `----
